// Jest Snapshot v1, https://goo.gl/fbAQLP

exports[`matches snapshot 1`] = `
<DocumentFragment>
  <div
    class="DogDetails"
  >
    <h1>
      Meet Example Dog!
    </h1>
    <img
      alt="Example Dog"
      src="example.jpg"
    />
    <ul>
      <li>
        Example Dog is 3 years old.
      </li>
      <li>
        Fact 1
      </li>
      <li>
        Fact 2
      </li>
      <li>
        Fact 3
      </li>
    </ul>
  </div>
</DocumentFragment>
`;
